-bash: bin/lws-api-test-lhp-dlo: No such file or directory
